{
    "@context": [
        "https://github.com/smart-data-models/dataModel.WaterQuality/blob/master/context.jsonld",
        "https://uri.etsi.org/ngsi-ld/v1/ngsi-ld-core-context.jsonld"
    ],
    "id": "urn:ngsi-v2:cot-imec-be:WaterQualityObserved:canary-iow-PfVMyX4AtqYVAuQ8D9onqH",
    "type": "WaterQualityObserved",
    "NO3": {
        "type": "Property",
        "value": 5199.4,
        "unitCode": "Q30"
    },
    "batteryLevel": {
        "type": "Property",
        "value": 0.38,
        "rawValue": {
            "type": "Property",
            "value": "3228"
        },
        "rawValueUnitCode": {
            "type": "Property",
            "value": "2Z"
        }
    },
    "conductivity": {
        "type": "Property",
        "value": 900.900900901,
        "unitCode": "G42"
    },
    "dateObserved": {
        "type": "Property",
        "value": {
            "@type": "DateTime",
            "@value": "2022-04-15T11:15:01.000Z"
        }
    },
    "deviceHumidity": {
        "type": "Property",
        "value": 56,
        "unitCode": "P1"
    },
    "deviceTemperature": {
        "type": "Property",
        "value": 22,
        "unitCode": "CEL"
    },
    "imec_NO3": {
        "type": "Property",
        "value": 1855.857142857,
        "unitCode": "Q30"
    },
    "imec_pH": {
        "type": "Property",
        "value": -3193.6,
        "unitCode": "Q30"
    },
    "location": {
        "type": "GeoProperty",
        "value": {
            "type": "Point",
            "coordinates": [
                5.456441784,
                51.413649952
            ]
        },
        "name": {
            "type": "Property",
            "value": "loc-00000-90"
        }
    },
    "locationName": {
        "type": "Property",
        "value": "loc-00000-90"
    },
    "octa_state": {
        "type": "Property",
        "value": 0
    },
    "pH": {
        "type": "Property",
        "value": -2074,
        "unitCode": "Q30"
    },
    "refDevice": {
        "type": "Relationship",
        "object": "urn:ngsi-v2:cot-imec-be:Device:imec-iow-fsPE4WYXyjt4m2bTBNc9dQ"
    },
    "refDevices": {
        "type": "Property",
        "value": [
            "urn:ngsi-v2:cot-imec-be:Device:imec-iow-fsPE4WYXyjt4m2bTBNc9dQ",
            "urn:ngsi-v2:cot-imec-be:Device:imec-iow-VeLuFpH8Qy96gihcddUw6A"
        ]
    },
    "reliability": {
        "type": "Property",
        "value": 1,
        "sensor_state": {
            "type": "Property",
            "value": 0
        }
    },
    "samplingPoint": {
        "type": "Property",
        "value": "spt-00000-87"
    },
    "sensor_state": {
        "type": "Property",
        "value": 0
    },
    "temperature": {
        "type": "Property",
        "value": 157,
        "unitCode": "CEL"
    }
}