{
    "@context": [
        "https://uri.etsi.org/ngsi-ld/v1/ngsi-ld-core-context.jsonld"
    ],
    "id": "urn:ngsi-v2:cot-imec-be:WaterQualityObserved:dwg-iow-886nJGdroD857YjumSEuNj",
    "type": "WaterQualityObserved",
    "locationName": {
        "type": "Property",
        "value": "loc-00019-33",
        "observedAt": "2022-09-09T09:10:00.000Z"
    },
    "refDevices": {
        "type": "Property",
        "value": "urn:ngsi-v2:cot-imec-be:Device:dwg-iow-JAmXrtiSYwBpsbN9s4nQDG",
        "observedAt": "2022-09-09T09:10:00.000Z"
    },
    "samplingPoint": {
        "type": "Property",
        "value": "spt-00035-79",
        "observedAt": "2022-09-09T09:10:00.000Z"
    },
    "location": {
        "type": "GeoProperty",
        "value": {
            "type": "Point",
            "coordinates": [
                2.854459744,
                51.03321207
            ]
        },
        "name": {
            "type": "Property",
            "value": "loc-00019-33"
        },
        "observedAt": "2022-09-09T09:10:00.000Z"
    },
    "conductivity": {
        "type": "Property",
        "value": 6150,
        "observedAt": "2022-09-09T09:10:00.000Z",
        "unitCode": "G42"
    },
    "https://uri.fiware.org/ns/data-models#dateObserved": {
        "type": "Property",
        "value": {
            "type": "DateTime",
            "@value": "2022-09-09T09:10:00.000Z"
        },
        "observedAt": "2022-09-09T09:10:00.000Z"
    },
    "depth": {
        "type": "Property",
        "value": 1442,
        "observedAt": "2022-09-09T09:10:00.000Z",
        "unitCode": "HP"
    },
    "refDevice": {
        "type": "Relationship",
        "object": "urn:ngsi-v2:cot-imec-be:Device:dwg-iow-JAmXrtiSYwBpsbN9s4nQDG"
    },
    "temperature": {
        "type": "Property",
        "value": 20.43,
        "observedAt": "2022-09-09T09:10:00.000Z",
        "unitCode": "CEL"
    }
}